// Jest Snapshot v1, https://goo.gl/fbAQLP

exports[`Api Conferences uri toConference should return a conference object with the correct data 1`] = `
Object {
  "abbreviation": "WW",
  "active": true,
  "id": 1,
  "name": "Wild West",
  "shortName": "Wild",
}
`;
